// Jest Snapshot v1, https://goo.gl/fbAQLP

exports[`Home Component should render correctly 1`] = `
<div>
  <main
    class="flex flex-col items-center justify-center text-2xl"
  >
    <form
      class="flex flex-col items-center gap-5"
    >
      <input
        class="rounded-2xl p-2 outline-none transition w-[15em] focus:bg-slate-100 dark:placeholder:text-slate-800 dark:bg-slate-400 dark:text-black md:w-[30em] dark:focus:bg-slate-300"
        name="url"
        placeholder="Enter your url here..."
        style="opacity: 0; will-change: opacity,transform; transform: translateX(-200px);"
        type="text"
      />
      <input
        class="rounded-2xl p-2 outline-none transition w-[15em] focus:bg-slate-100 dark:placeholder:text-slate-800 dark:bg-slate-400 dark:text-black md:w-[30em] dark:focus:bg-slate-300"
        name="alias"
        placeholder="Your optional alias..."
        style="opacity: 0; will-change: opacity,transform; transform: translateX(200px);"
        type="text"
      />
      <button
        class="mx-4 w-max rounded-2xl bg-violet-500 p-2 px-8 text-white transition hover:bg-violet-600"
        style="opacity: 0; will-change: opacity,transform; transform: scale(0.9);"
        type="submit"
      >
        Submit
      </button>
    </form>
  </main>
</div>
`;
